../Core/Src/main.c:268:5:main	24	static
../Core/Src/main.c:446:6:SystemClock_Config	88	static
../Core/Src/main.c:492:13:MX_ADC1_Init	24	static
../Core/Src/main.c:580:13:MX_CAN1_Init	8	static
../Core/Src/main.c:617:13:MX_USART1_UART_Init	8	static
../Core/Src/main.c:650:13:MX_USART3_UART_Init	8	static
../Core/Src/main.c:681:13:MX_DMA_Init	16	static
../Core/Src/main.c:703:13:MX_GPIO_Init	56	static
../Core/Src/main.c:748:6:handle_rpm	8	static
../Core/Src/main.c:754:6:handle_rpm_increase	8	static
../Core/Src/main.c:765:6:handle_rpm_decrease	8	static
../Core/Src/main.c:777:10:make_coolant_value	16	static
../Core/Src/main.c:799:6:handle_coolant	8	static
../Core/Src/main.c:806:6:make_rpm_can_data	24	static
../Core/Src/main.c:818:7:make_coolant_can_data	24	static
../Core/Src/main.c:829:7:make_fan_can_data	24	static
../Core/Src/main.c:867:7:write_fan_status	8	static
../Core/Src/main.c:884:6:get_time	32	static
../Core/Src/main.c:894:8:make_string_time	32	static
../Core/Src/main.c:910:10:make_encrypted_data	24	static
../Core/Src/main.c:953:9:make_decrypted_data	16	static
../Core/Src/main.c:978:8:send_encrypted_immo_data	48	static
../Core/Src/main.c:1000:11:convert_can_message_immo	40	static
../Core/Src/main.c:1041:8:handle_valid_switch_start	64	static
../Core/Src/main.c:1073:6:HAL_CAN_RxFifo0MsgPendingCallback	16	static
../Core/Src/main.c:1087:6:HAL_UART_RxCpltCallback	16	static
../Core/Src/main.c:1113:6:StartDefaultTask	16	static
../Core/Src/main.c:1136:6:display_data	16	static
../Core/Src/main.c:1190:6:can_send_data	24	static
../Core/Src/main.c:1244:6:get_input_data	16	static
../Core/Src/main.c:1264:6:make_engine_data	16	static
../Core/Src/main.c:1285:6:make_immo_data_func	96	static
../Core/Src/main.c:1316:6:HAL_TIM_PeriodElapsedCallback	16	static
../Core/Src/main.c:1333:6:Error_Handler	4	static,ignoring_inline_asm
