../Core/Src/main.c:202:5:main	24	static
../Core/Src/main.c:368:6:SystemClock_Config	88	static
../Core/Src/main.c:414:13:MX_ADC1_Init	24	static
../Core/Src/main.c:502:13:MX_CAN1_Init	8	static
../Core/Src/main.c:539:13:MX_USART1_UART_Init	8	static
../Core/Src/main.c:570:13:MX_DMA_Init	16	static
../Core/Src/main.c:588:13:MX_GPIO_Init	48	static
../Core/Src/main.c:625:6:handle_rpm	8	static
../Core/Src/main.c:631:6:handle_rpm_increase	8	static
../Core/Src/main.c:642:6:handle_rpm_decrease	8	static
../Core/Src/main.c:654:10:make_coolant_value	16	static
../Core/Src/main.c:676:6:handle_coolant	8	static
../Core/Src/main.c:683:6:make_rpm_can_data	24	static
../Core/Src/main.c:695:7:make_coolant_can_data	24	static
../Core/Src/main.c:706:7:make_fan_can_data	24	static
../Core/Src/main.c:744:7:write_fan_status	8	static
../Core/Src/main.c:761:6:HAL_CAN_RxFifo0MsgPendingCallback	16	static
../Core/Src/main.c:770:6:HAL_UART_RxCpltCallback	16	static
../Core/Src/main.c:796:6:StartDefaultTask	16	static
../Core/Src/main.c:814:6:display_data	16	static
../Core/Src/main.c:858:6:can_send_data	24	static
../Core/Src/main.c:905:6:get_input_data	16	static
../Core/Src/main.c:925:6:make_engine_data	16	static
../Core/Src/main.c:946:6:HAL_TIM_PeriodElapsedCallback	16	static
../Core/Src/main.c:963:6:Error_Handler	4	static,ignoring_inline_asm
